
/home/runner/work/exp-x-ray-fluoresce-microscopy-iitk/exp-x-ray-fluoresce-microscopy-iitk/experiment/simulation/js/main.js
   25:10  warning  'hindiVoice' is defined but never used                    no-unused-vars
   25:21  warning  'btn' is defined but never used                           no-unused-vars
   38:10  warning  'englishVoice' is defined but never used                  no-unused-vars
   38:23  warning  'btn' is defined but never used                           no-unused-vars
   51:5   warning  'text' is defined but never used                          no-unused-vars
   55:1   warning  'tWrapper' is assigned a value but never used             no-unused-vars
   56:1   warning  'ti' is assigned a value but never used                   no-unused-vars
   57:1   warning  'currentStep' is assigned a value but never used          no-unused-vars
   58:1   warning  'contrast' is assigned a value but never used             no-unused-vars
   59:1   warning  'brightness' is assigned a value but never used           no-unused-vars
   60:1   warning  'vac' is assigned a value but never used                  no-unused-vars
   61:1   warning  'av' is assigned a value but never used                   no-unused-vars
   62:1   warning  'on' is assigned a value but never used                   no-unused-vars
   63:1   warning  'dropped' is assigned a value but never used              no-unused-vars
   64:1   warning  'imgs' is assigned a value but never used                 no-unused-vars
   65:1   warning  'mode' is assigned a value but never used                 no-unused-vars
   66:1   warning  'removeButtonclicked' is assigned a value but never used  no-unused-vars
   67:1   warning  'inp' is assigned a value but never used                  no-unused-vars
   89:11  warning  'doorOpenButton' is assigned a value but never used       no-unused-vars
   90:11  warning  'doorCloseButton' is assigned a value but never used      no-unused-vars
   91:11  warning  'statusText' is assigned a value but never used           no-unused-vars
   93:11  warning  'voltageslider' is assigned a value but never used        no-unused-vars
   97:12  warning  'startscanbutton' is assigned a value but never used      no-unused-vars
  383:10  warning  'saveDiagram' is defined but never used                   no-unused-vars

✖ 24 problems (0 errors, 24 warnings)

